<testsuites name="jest tests" tests="1" failures="0" time="0.903">
  <testsuite name="undefined" errors="0" failures="0" skipped="0" timestamp="2023-08-26T11:08:22" time="0.903" tests="1">
    <testcase classname=" renders without crashing" name=" renders without crashing" time="0.021">
    </testcase>
  </testsuite>
</testsuites>